---
source: tests/yaml_detectors.rs
expression: findings
---
[
  {
    "kind": "exposed_ports",
    "description": "Exposed port found: 0.0.0.0:2222",
    "risk": "Informative"
  },
  {
    "kind": "exposed_ports",
    "description": "Exposed port found: 0.0.0.0:6379",
    "risk": "Informative"
  },
  {
    "kind": "exposed_ports",
    "description": "Exposed port found: 0.0.0.0:5432",
    "risk": "Informative"
  }
]
